// Jest Snapshot v1, https://goo.gl/fbAQLP

exports[`Fully renders the EventDetails page 1`] = `
<View
  style={
    Object {
      "flex": 1,
    }
  }
>
  <BVLinearGradient
    colors={
      Array [
        3875536895,
        16777215,
      ]
    }
    end={undefined}
    locations={null}
    start={undefined}
    style={
      Object {
        "flex": 1,
        "height": 320.16,
        "position": "absolute",
        "width": "100%",
        "zIndex": 1,
      }
    }
  >
    <View
      style={
        Object {
          "paddingHorizontal": 8,
          "paddingTop": 30,
        }
      }
    >
      <View
        accessibilityComponentType={undefined}
        accessibilityLabel={undefined}
        accessibilityTraits={undefined}
        accessible={true}
        collapsable={undefined}
        hitSlop={undefined}
        isTVSelectable={true}
        nativeID={undefined}
        onLayout={undefined}
        onResponderGrant={[Function]}
        onResponderMove={[Function]}
        onResponderRelease={[Function]}
        onResponderTerminate={[Function]}
        onResponderTerminationRequest={[Function]}
        onStartShouldSetResponder={[Function]}
        style={
          Object {
            "opacity": 1,
            "width": 100,
          }
        }
        testID={undefined}
        tvParallaxProperties={undefined}
      >
        <View
          style={
            Object {
              "alignItems": "center",
              "flexDirection": "row",
              "width": 100,
            }
          }
        >
          <Text
            accessible={true}
            allowFontScaling={false}
            disabled={false}
            ellipsizeMode="tail"
            style={
              Array [
                Object {
                  "color": undefined,
                  "fontSize": 36,
                },
                Array [
                  Object {
                    "backgroundColor": "transparent",
                    "color": "black",
                    "marginHorizontal": 8,
                  },
                  Object {
                    "color": "black",
                  },
                ],
                Object {
                  "fontFamily": "FontAwesome",
                  "fontStyle": "normal",
                  "fontWeight": "normal",
                },
              ]
            }
          >
            
          </Text>
          <Text
            accessible={true}
            allowFontScaling={true}
            disabled={false}
            ellipsizeMode="tail"
            style={
              Array [
                Object {
                  "backgroundColor": "transparent",
                  "color": "black",
                  "fontSize": 16,
                },
                Object {
                  "color": "black",
                },
              ]
            }
          >
            Retour
          </Text>
        </View>
      </View>
    </View>
  </BVLinearGradient>
  <RCTScrollView
    contentContainerStyle={
      Object {
        "backgroundColor": "#F8F8F8",
        "flexGrow": 1,
      }
    }
  >
    <View>
      <Image
        source={
          Object {
            "uri": undefined,
          }
        }
        style={
          Object {
            "height": 555.6,
            "width": "100%",
          }
        }
      />
      <View
        style={
          Object {
            "backgroundColor": "transparent",
            "marginTop": -20,
            "paddingBottom": 14,
            "paddingHorizontal": 16,
          }
        }
      >
        <View
          style={
            Object {
              "alignItems": "center",
              "backgroundColor": "#FFD153",
              "borderRadius": 2,
              "height": 40,
              "justifyContent": "center",
              "marginHorizontal": 8,
              "top": 0,
            }
          }
        >
          <Text
            accessible={true}
            allowFontScaling={true}
            disabled={false}
            ellipsizeMode="tail"
            style={
              Object {
                "color": "black",
                "fontSize": 14,
                "fontWeight": "bold",
              }
            }
          >
            Lundi 12 juin - Jeudi 15 juin
          </Text>
        </View>
        <Text
          accessible={true}
          allowFontScaling={true}
          disabled={false}
          ellipsizeMode="tail"
          numberOfLines={3}
          style={
            Object {
              "alignSelf": "center",
              "color": "black",
              "fontSize": 20,
              "fontWeight": "bold",
              "lineHeight": 28,
              "marginTop": 14,
            }
          }
        >
          title
        </Text>
        <View
          accessibilityComponentType={undefined}
          accessibilityLabel={undefined}
          accessibilityTraits={undefined}
          accessible={true}
          collapsable={undefined}
          hitSlop={undefined}
          isTVSelectable={true}
          nativeID={undefined}
          onLayout={undefined}
          onResponderGrant={[Function]}
          onResponderMove={[Function]}
          onResponderRelease={[Function]}
          onResponderTerminate={[Function]}
          onResponderTerminationRequest={[Function]}
          onStartShouldSetResponder={[Function]}
          style={
            Object {
              "alignSelf": "center",
              "flexDirection": "row",
              "marginBottom": 28,
              "marginTop": 17,
              "opacity": 1,
            }
          }
          testID={undefined}
          tvParallaxProperties={undefined}
        >
          <Image
            source="test-file-stub"
            style={
              Object {
                "height": 20,
                "width": 14,
              }
            }
          />
          <Text
            accessible={true}
            allowFontScaling={true}
            disabled={false}
            ellipsizeMode="tail"
            style={
              Object {
                "color": "#2869e5",
                "marginLeft": 10,
              }
            }
          >
            48 boulevard des Batignolles, 75013 Paris
          </Text>
        </View>
      </View>
      <View
        style={
          Object {
            "backgroundColor": "white",
            "flex": 1,
            "padding": 16,
          }
        }
      >
        <Text
          accessible={true}
          allowFontScaling={true}
          disabled={false}
          ellipsizeMode="tail"
          style={
            Object {
              "color": "black",
              "fontSize": 14,
              "lineHeight": 24,
            }
          }
        >
          description
        </Text>
        <Text
          accessible={true}
          allowFontScaling={true}
          disabled={false}
          ellipsizeMode="tail"
          style={
            Object {
              "color": "black",
              "fontSize": 14,
              "fontStyle": "italic",
              "lineHeight": 24,
              "marginTop": 16,
            }
          }
        >
          Publié par 
          author
        </Text>
      </View>
    </View>
  </RCTScrollView>
</View>
`;
